// Vitest Snapshot v1, https://vitest.dev/guide/snapshot.html

exports[`timeline rows > builds a stable set of clips for one scene 1`] = `
[
  {
    "end": 40,
    "id": "line-0",
    "keyframes": undefined,
    "kind": "text",
    "label": "Text 1: Pirma eilutė",
    "lane": undefined,
    "point": undefined,
    "start": 4,
  },
  {
    "end": 135,
    "id": "line-1",
    "keyframes": undefined,
    "kind": "text",
    "label": "Text 2: Antra eilutė",
    "lane": 1,
    "point": undefined,
    "start": 30,
  },
  {
    "end": 50,
    "id": "block-block-1",
    "keyframes": undefined,
    "kind": "text",
    "label": "Text: Blokas",
    "lane": undefined,
    "point": undefined,
    "start": 6,
  },
  {
    "end": 45,
    "id": "visual-layer-1",
    "keyframes": [
      5,
      25,
    ],
    "kind": "visual",
    "label": "Visual: Key",
    "lane": undefined,
    "point": undefined,
    "start": 2,
  },
  {
    "end": 135,
    "id": "visual-layer-2",
    "keyframes": [],
    "kind": "visual",
    "label": "Visual: checklist",
    "lane": undefined,
    "point": undefined,
    "start": 0,
  },
  {
    "end": 30,
    "id": "check-layer-2-0",
    "keyframes": undefined,
    "kind": "item",
    "label": "↳ Item 1: Vienas",
    "lane": undefined,
    "point": undefined,
    "start": 3,
  },
  {
    "end": 135,
    "id": "check-layer-2-1",
    "keyframes": undefined,
    "kind": "item",
    "label": "↳ Item 2: Du",
    "lane": undefined,
    "point": undefined,
    "start": 9,
  },
  {
    "end": 55,
    "id": "step-0",
    "keyframes": undefined,
    "kind": "item",
    "label": "Item 1: Žingsnis",
    "lane": undefined,
    "point": undefined,
    "start": 8,
  },
  {
    "end": 30,
    "id": "sound-scene-in",
    "keyframes": undefined,
    "kind": "sound",
    "label": "Scene IN sound",
    "lane": undefined,
    "point": undefined,
    "start": 0,
  },
  {
    "end": 147,
    "id": "sound-scene-out",
    "keyframes": undefined,
    "kind": "sound",
    "label": "Scene OUT sound",
    "lane": undefined,
    "point": undefined,
    "start": 117,
  },
  {
    "end": 32,
    "id": "sound-visual-layer-1-in",
    "keyframes": undefined,
    "kind": "sound",
    "label": "IN sound: prop",
    "lane": undefined,
    "point": undefined,
    "start": 2,
  },
  {
    "end": 30,
    "id": "audio-clip-audio-1",
    "keyframes": undefined,
    "kind": "sound",
    "label": "soft whoosh",
    "lane": 0,
    "point": undefined,
    "start": 10,
  },
]
`;

exports[`timeline rows > builds a stable set of clips for the whole project 1`] = `
[
  {
    "end": 135,
    "id": "scene-scene-1",
    "keyframes": undefined,
    "kind": "scene",
    "label": "01 · steps · Viena du trys keturi penki",
    "lane": 0,
    "point": undefined,
    "start": 0,
  },
  {
    "end": 40,
    "id": "scene-1-line-0",
    "keyframes": undefined,
    "kind": "text",
    "label": "Pirma eilutė",
    "lane": undefined,
    "point": undefined,
    "start": 4,
  },
  {
    "end": 135,
    "id": "scene-1-line-1",
    "keyframes": undefined,
    "kind": "text",
    "label": "Antra eilutė",
    "lane": 1,
    "point": undefined,
    "start": 30,
  },
  {
    "end": 50,
    "id": "scene-1-block-block-1",
    "keyframes": undefined,
    "kind": "text",
    "label": "Blokas",
    "lane": undefined,
    "point": undefined,
    "start": 6,
  },
  {
    "end": 45,
    "id": "scene-1-visual-layer-1",
    "keyframes": undefined,
    "kind": "visual",
    "label": "Key",
    "lane": undefined,
    "point": undefined,
    "start": 2,
  },
  {
    "end": 32,
    "id": "scene-1-visual-sound-in-layer-1",
    "keyframes": undefined,
    "kind": "sound",
    "label": "prop IN",
    "lane": undefined,
    "point": undefined,
    "start": 2,
  },
  {
    "end": 135,
    "id": "scene-1-visual-layer-2",
    "keyframes": undefined,
    "kind": "visual",
    "label": "checklist",
    "lane": undefined,
    "point": undefined,
    "start": 0,
  },
  {
    "end": 55,
    "id": "scene-1-step-0",
    "keyframes": undefined,
    "kind": "item",
    "label": "Žingsnis",
    "lane": undefined,
    "point": undefined,
    "start": 8,
  },
  {
    "end": 30,
    "id": "scene-1-sound-in",
    "keyframes": undefined,
    "kind": "sound",
    "label": "Scene IN",
    "lane": undefined,
    "point": undefined,
    "start": 0,
  },
  {
    "end": 147,
    "id": "scene-1-sound-out",
    "keyframes": undefined,
    "kind": "sound",
    "label": "Scene OUT",
    "lane": undefined,
    "point": undefined,
    "start": 117,
  },
  {
    "end": 270,
    "id": "scene-scene-2",
    "keyframes": undefined,
    "kind": "scene",
    "label": "02 · steps · Viena du trys keturi penki",
    "lane": 0,
    "point": undefined,
    "start": 135,
  },
  {
    "end": 175,
    "id": "scene-2-line-0",
    "keyframes": undefined,
    "kind": "text",
    "label": "Pirma eilutė",
    "lane": undefined,
    "point": undefined,
    "start": 139,
  },
  {
    "end": 270,
    "id": "scene-2-line-1",
    "keyframes": undefined,
    "kind": "text",
    "label": "Antra eilutė",
    "lane": 1,
    "point": undefined,
    "start": 165,
  },
  {
    "end": 185,
    "id": "scene-2-block-block-1",
    "keyframes": undefined,
    "kind": "text",
    "label": "Blokas",
    "lane": undefined,
    "point": undefined,
    "start": 141,
  },
  {
    "end": 180,
    "id": "scene-2-visual-layer-1",
    "keyframes": undefined,
    "kind": "visual",
    "label": "Key",
    "lane": undefined,
    "point": undefined,
    "start": 137,
  },
  {
    "end": 167,
    "id": "scene-2-visual-sound-in-layer-1",
    "keyframes": undefined,
    "kind": "sound",
    "label": "prop IN",
    "lane": undefined,
    "point": undefined,
    "start": 137,
  },
  {
    "end": 270,
    "id": "scene-2-visual-layer-2",
    "keyframes": undefined,
    "kind": "visual",
    "label": "checklist",
    "lane": undefined,
    "point": undefined,
    "start": 135,
  },
  {
    "end": 190,
    "id": "scene-2-step-0",
    "keyframes": undefined,
    "kind": "item",
    "label": "Žingsnis",
    "lane": undefined,
    "point": undefined,
    "start": 143,
  },
  {
    "end": 165,
    "id": "scene-2-sound-in",
    "keyframes": undefined,
    "kind": "sound",
    "label": "Scene IN",
    "lane": undefined,
    "point": undefined,
    "start": 135,
  },
  {
    "end": 282,
    "id": "scene-2-sound-out",
    "keyframes": undefined,
    "kind": "sound",
    "label": "Scene OUT",
    "lane": undefined,
    "point": undefined,
    "start": 252,
  },
  {
    "end": 30,
    "id": "audio-1",
    "keyframes": undefined,
    "kind": "sound",
    "label": "soft whoosh",
    "lane": 0,
    "point": undefined,
    "start": 10,
  },
]
`;
